// Jest Snapshot v1, https://goo.gl/fbAQLP

exports[`With Snapshot Testing App matches snapshot 1`] = `
<main>
  <div>
    <header>
      <nav>
        <a
          href="/"
          onClick={[Function]}
        >
          Home
        </a>
         | 
        <a
          href="/about"
          onClick={[Function]}
        >
          About
        </a>
      </nav>
    </header>
    <h1>
      List of posts
    </h1>
    <section>
      <article>
        <h2 />
        <p />
        <a
          href="/post/2"
          onClick={[Function]}
        >
          Read more...
        </a>
      </article>
    </section>
    <footer>
      <time
        data-dateepoch={320367600000}
        data-datetime="1980-02-25T23:00:00.000+00:00"
        title="February 25th 1980, 23:00:00"
      >
        almost 20 years ago
      </time>
      I'm here to stay
    </footer>
  </div>
</main>
`;
