// Jest Snapshot v1, https://goo.gl/fbAQLP

exports[`With Snapshot Testing App matches snapshot 1`] = `
<main>
  <div>
    <header>
      <nav>
        <a
          href="/"
          onClick={[Function]}
        >
          Home
        </a>
         | 
        <a
          href="/about"
          onClick={[Function]}
        >
          About
        </a>
      </nav>
    </header>
    <h1>
      List of posts
    </h1>
    <section>
      <article>
        <h2 />
        <p />
        <a
          href="/post/2"
          onClick={[Function]}
        >
          Read more...
        </a>
      </article>
    </section>
    <footer>
      <time
        data-dateepoch={198784740}
        data-datetime="1976-04-19T18:59:00.000+01:00"
        title="April 19th 1976, 18:59:00"
      >
        over 41 years ago
      </time>
      I'm here to stay
    </footer>
  </div>
</main>
`;
